PS C:\Users\solop\Clear\Proyeto_MIGUEL_WEB\speaksmarter> php artisan make:model level --migration 
PS C:\Users\solop\Clear\Proyeto_MIGUEL_WEB\speaksmarter> php artisan migrate
php artisan migrate:reset
php artisan migrate:rollback


PS C:\Users\solop\Clear\Proyeto_MIGUEL_WEB\speaksmarter> php artisan make:migration create_category_lesson_table


PS C:\Users\solop\Clear\Proyeto_MIGUEL_WEB\speaksmarter> php artisan make:seeder LevelSeeder

php artisan migrate --path=/database/migrations/2014_10_12_000000_create_users_table.php
php artisan migrate --path=/database/migrations/2014_10_12_100000_create_password_reset_tokens_table.php
php artisan migrate --path=/database/migrations/2019_08_19_000000_create_failed_jobs_table.php
php artisan migrate --path=/database/migrations/2019_12_14_000001_create_personal_access_tokens_table.php

php artisan migrate --path=/database/migrations/2024_01_14_132259_create_lessons_table.php
php artisan migrate --path=/database/migrations/2024_01_14_132132_create_categories_table.php
php artisan migrate --path=/database/migrations/2024_01_14_132356_create_levels_table.php
php artisan migrate --path=/database/migrations/2024_01_14_132728_create_category_lesson_table.php

PS C:\Users\solop\Clear\Proyeto_MIGUEL_WEB\speaksmarter> composer require laravel/jetstream

PS C:\Users\solop\Clear\Proyeto_MIGUEL_WEB\speaksmarter> composer require spatie/laravel-permission

ARCHIVOS DE MIGRACION Y CONFIGURACION
PS C:\Users\solop\Clear\Proyeto_MIGUEL_WEB\speaksmarter> php artisan vendor:publish --provider="Spatie\Permission\PermissionServiceProvider"

PS C:\Users\solop\Clear\Proyeto_MIGUEL_WEB\speaksmarter> php artisan make:seeder RolesSeeder
PS C:\Users\solop\Clear\Proyeto_MIGUEL_WEB\speaksmarter> php artisan make:seeder UserSeeder 

poblando base de datos
PS C:\Users\solop\Clear\Proyeto_MIGUEL_WEB\speaksmarter> php artisan db:seed               



para el html composer require inertiajs/inertia-laravel
    


PS C:\Users\solop\Clear\Proyeto_MIGUEL_WEB\speaksmarter>npm run dev
PS C:\Users\solop\Clear\Proyeto_MIGUEL_WEB\speaksmarter>npm run dev




PS C:\Users\solop\Clear\Proyeto_MIGUEL_WEB\speaksmarter> composer require laravel/breeze --dev

PS C:\Users\solop\Clear\Proyeto_MIGUEL_WEB> php artisan breeze:install vue

composer require laravel/jetstream
php artisan jetstream:installÂ inertia

php artisan serve